commit: 9ab02e7a681e  dirty_paths: 21
blind149   n=149  P@1=0.812  P@3=0.960  MRR=0.888  leaks=0
second315  n=315  P@1=0.883  P@3=0.956  MRR=0.923  leaks=0
live16     n=16   P@1=0.938  P@3=0.812  MRR=0.938  leaks=2
# Nightly router report — 2026-09-25

bench @ `9ab02e7a681e` (dirty paths: 21)

| set | n | P@1 | P@3 | MRR | leaks |
|-----|---|-----|-----|-----|-------|
| blind149 | 149 | 0.812 | 0.960 | 0.888 | 0 |
| second315 | 315 | 0.883 | 0.956 | 0.923 | 0 |
| live16 | 16 | 0.938 | 0.812 | 0.938 | 2 |

## traffic (today, 22 serves)
- distinct queries: 22, abstentions: 1 (4.5%), unstable repeats: 0
- top skills: 3d-web-experience 6, k6-load-testing 3, generate-image 3, develop-web-game 3, steroids 2, archify 2, imagegen 2, 3d-games 2

... wrote ~/steroids/reports/nightly-2026-09-25.md
clusters=3 proposals=3
wrote ~/steroids/reports/miss-goldens-2026-09-25.md
# Steroids router — trust report (1st edition)

_Published 2026-09-25 · bench commit `9ab02e7a681e` · sources: `nightly-2026-09-25.md`, `lint-2026-09-23.md`_

## Precision (labeled sets, 480 queries)
| set | n | P@1 | P@3 | MRR | leaks |
|-----|---|-----|-----|-----|-------|
| blind149 | 149 | 0.812 | 0.960 | 0.888 | 0 |
| second315 | 315 | 0.883 | 0.956 | 0.923 | 0 |
| live16 | 16 | 0.938 | 0.812 | 0.938 | 2 |

## Live traffic health (unlabeled — prompts are hash-only by design)
- today: 22 serves, 22 distinct queries, abstentions 1 (4.5%), unstable repeats 0
- all: 1694 serves, 1442 distinct
... wrote ~/steroids/docs/TRUST.md
